// Vitest Snapshot v1, https://vitest.dev/guide/snapshot.html

exports[`Lexer > comments 1`] = `
[
  {
    "kind": "ident",
    "span": Span {
      "end": 4,
      "start": 0,
    },
    "value": "stat",
  },
  {
    "kind": "ident",
    "span": Span {
      "end": 6,
      "start": 5,
    },
    "value": "x",
  },
  {
    "kind": "cmp_op",
    "op": "equals",
    "span": Span {
      "end": 8,
      "start": 7,
    },
  },
  {
    "kind": "i64",
    "span": Span {
      "end": 10,
      "start": 9,
    },
    "value": "5",
  },
  {
    "kind": "eol",
    "span": Span {
      "end": 11,
      "start": 10,
    },
  },
  {
    "kind": "ident",
    "span": Span {
      "end": 15,
      "start": 11,
    },
    "value": "stat",
  },
  {
    "kind": "ident",
    "span": Span {
      "end": 17,
      "start": 16,
    },
    "value": "y",
  },
  {
    "kind": "cmp_op",
    "op": "equals",
    "span": Span {
      "end": 19,
      "start": 18,
    },
  },
  {
    "kind": "ident",
    "span": Span {
      "end": 24,
      "start": 20,
    },
    "value": "stat",
  },
  {
    "kind": "ident",
    "span": Span {
      "end": 26,
      "start": 25,
    },
    "value": "x",
  },
  {
    "kind": "eol",
    "span": Span {
      "end": 41,
      "start": 40,
    },
  },
  {
    "kind": "eol",
    "span": Span {
      "end": 42,
      "start": 41,
    },
  },
  {
    "kind": "eol",
    "span": Span {
      "end": 61,
      "start": 60,
    },
  },
  {
    "kind": "ident",
    "span": Span {
      "end": 65,
      "start": 61,
    },
    "value": "chat",
  },
  {
    "kind": "str",
    "span": Span {
      "end": 83,
      "start": 66,
    },
    "value": "%stat.player/y%",
  },
  {
    "kind": "eol",
    "span": Span {
      "end": 84,
      "start": 83,
    },
  },
  {
    "kind": "eol",
    "span": Span {
      "end": 85,
      "start": 84,
    },
  },
  {
    "kind": "eol",
    "span": Span {
      "end": 128,
      "start": 127,
    },
  },
  {
    "kind": "eol",
    "span": Span {
      "end": 129,
      "start": 128,
    },
  },
  {
    "kind": "ident",
    "span": Span {
      "end": 133,
      "start": 129,
    },
    "value": "stat",
  },
  {
    "kind": "ident",
    "span": Span {
      "end": 135,
      "start": 134,
    },
    "value": "z",
  },
  {
    "kind": "cmp_op",
    "op": "equals",
    "span": Span {
      "end": 137,
      "start": 136,
    },
  },
  {
    "kind": "i64",
    "span": Span {
      "end": 140,
      "start": 138,
    },
    "value": "10",
  },
  {
    "kind": "eol",
    "span": Span {
      "end": 141,
      "start": 140,
    },
  },
  {
    "kind": "eol",
    "span": Span {
      "end": 142,
      "start": 141,
    },
  },
  {
    "kind": "eol",
    "span": Span {
      "end": 202,
      "start": 201,
    },
  },
  {
    "kind": "eol",
    "span": Span {
      "end": 203,
      "start": 202,
    },
  },
  {
    "kind": "ident",
    "span": Span {
      "end": 207,
      "start": 203,
    },
    "value": "chat",
  },
  {
    "kind": "str",
    "span": Span {
      "end": 225,
      "start": 208,
    },
    "value": "%stat.player/z%",
  },
]
`;

exports[`Lexer > identifiers 1`] = `
[
  {
    "kind": "ident",
    "span": Span {
      "end": 4,
      "start": 0,
    },
    "value": "stat",
  },
  {
    "kind": "ident",
    "span": Span {
      "end": 17,
      "start": 5,
    },
    "value": "myIdentifier",
  },
  {
    "kind": "cmp_op",
    "op": "equals",
    "span": Span {
      "end": 19,
      "start": 18,
    },
  },
  {
    "kind": "i64",
    "span": Span {
      "end": 21,
      "start": 20,
    },
    "value": "5",
  },
  {
    "kind": "eol",
    "span": Span {
      "end": 22,
      "start": 21,
    },
  },
  {
    "kind": "ident",
    "span": Span {
      "end": 26,
      "start": 22,
    },
    "value": "stat",
  },
  {
    "kind": "ident",
    "span": Span {
      "end": 51,
      "start": 27,
    },
    "value": "my/structured/identifier",
  },
  {
    "kind": "cmp_op",
    "op": "equals",
    "span": Span {
      "end": 53,
      "start": 52,
    },
  },
  {
    "kind": "i64",
    "span": Span {
      "end": 56,
      "start": 54,
    },
    "value": "10",
  },
  {
    "kind": "eol",
    "span": Span {
      "end": 57,
      "start": 56,
    },
  },
  {
    "kind": "eol",
    "span": Span {
      "end": 58,
      "start": 57,
    },
  },
  {
    "kind": "ident",
    "span": Span {
      "end": 62,
      "start": 58,
    },
    "value": "stat",
  },
  {
    "kind": "ident",
    "span": Span {
      "end": 75,
      "start": 63,
    },
    "value": "myIdentifier",
  },
  {
    "kind": "bin_op_eq",
    "op": "slash",
    "span": Span {
      "end": 78,
      "start": 76,
    },
  },
  {
    "kind": "ident",
    "span": Span {
      "end": 83,
      "start": 79,
    },
    "value": "stat",
  },
  {
    "kind": "ident",
    "span": Span {
      "end": 108,
      "start": 84,
    },
    "value": "my/structured/identifier",
  },
  {
    "kind": "eol",
    "span": Span {
      "end": 109,
      "start": 108,
    },
  },
  {
    "kind": "ident",
    "span": Span {
      "end": 113,
      "start": 109,
    },
    "value": "stat",
  },
  {
    "kind": "ident",
    "span": Span {
      "end": 134,
      "start": 114,
    },
    "value": "now_with_underscores",
  },
  {
    "kind": "cmp_op",
    "op": "equals",
    "span": Span {
      "end": 136,
      "start": 135,
    },
  },
  {
    "kind": "i64",
    "span": Span {
      "end": 140,
      "start": 137,
    },
    "value": "100",
  },
]
`;

exports[`Lexer > tokens 1`] = `
[
  {
    "kind": "comma",
    "span": Span {
      "end": 1,
      "start": 0,
    },
  },
  {
    "kind": "eol",
    "span": Span {
      "end": 2,
      "start": 1,
    },
  },
  {
    "kind": "bin_op",
    "op": "plus",
    "span": Span {
      "end": 3,
      "start": 2,
    },
  },
  {
    "kind": "eol",
    "span": Span {
      "end": 4,
      "start": 3,
    },
  },
  {
    "kind": "bin_op",
    "op": "minus",
    "span": Span {
      "end": 5,
      "start": 4,
    },
  },
  {
    "kind": "eol",
    "span": Span {
      "end": 6,
      "start": 5,
    },
  },
  {
    "kind": "bin_op",
    "op": "star",
    "span": Span {
      "end": 7,
      "start": 6,
    },
  },
  {
    "kind": "eol",
    "span": Span {
      "end": 8,
      "start": 7,
    },
  },
  {
    "kind": "bin_op",
    "op": "slash",
    "span": Span {
      "end": 9,
      "start": 8,
    },
  },
  {
    "kind": "eol",
    "span": Span {
      "end": 10,
      "start": 9,
    },
  },
  {
    "kind": "bin_op",
    "op": "star_star",
    "span": Span {
      "end": 12,
      "start": 10,
    },
  },
  {
    "kind": "eol",
    "span": Span {
      "end": 13,
      "start": 12,
    },
  },
  {
    "kind": "bin_op_eq",
    "op": "plus",
    "span": Span {
      "end": 15,
      "start": 13,
    },
  },
  {
    "kind": "eol",
    "span": Span {
      "end": 16,
      "start": 15,
    },
  },
  {
    "kind": "bin_op_eq",
    "op": "minus",
    "span": Span {
      "end": 18,
      "start": 16,
    },
  },
  {
    "kind": "eol",
    "span": Span {
      "end": 19,
      "start": 18,
    },
  },
  {
    "kind": "bin_op_eq",
    "op": "star",
    "span": Span {
      "end": 21,
      "start": 19,
    },
  },
  {
    "kind": "eol",
    "span": Span {
      "end": 22,
      "start": 21,
    },
  },
  {
    "kind": "bin_op_eq",
    "op": "slash",
    "span": Span {
      "end": 24,
      "start": 22,
    },
  },
  {
    "kind": "eol",
    "span": Span {
      "end": 25,
      "start": 24,
    },
  },
  {
    "kind": "cmp_op",
    "op": "greater_than",
    "span": Span {
      "end": 26,
      "start": 25,
    },
  },
  {
    "kind": "eol",
    "span": Span {
      "end": 27,
      "start": 26,
    },
  },
  {
    "kind": "cmp_op",
    "op": "less_than",
    "span": Span {
      "end": 28,
      "start": 27,
    },
  },
  {
    "kind": "eol",
    "span": Span {
      "end": 29,
      "start": 28,
    },
  },
  {
    "kind": "cmp_op",
    "op": "equals",
    "span": Span {
      "end": 30,
      "start": 29,
    },
  },
  {
    "kind": "eol",
    "span": Span {
      "end": 31,
      "start": 30,
    },
  },
  {
    "kind": "cmp_op_eq",
    "op": "greater_than",
    "span": Span {
      "end": 33,
      "start": 31,
    },
  },
  {
    "kind": "eol",
    "span": Span {
      "end": 34,
      "start": 33,
    },
  },
  {
    "kind": "cmp_op_eq",
    "op": "less_than",
    "span": Span {
      "end": 36,
      "start": 34,
    },
  },
  {
    "kind": "eol",
    "span": Span {
      "end": 37,
      "start": 36,
    },
  },
  {
    "kind": "cmp_op_eq",
    "op": "equals",
    "span": Span {
      "end": 39,
      "start": 37,
    },
  },
  {
    "kind": "eol",
    "span": Span {
      "end": 40,
      "start": 39,
    },
  },
  {
    "delim": "parenthesis",
    "kind": "open_delim",
    "span": Span {
      "end": 41,
      "start": 40,
    },
  },
  {
    "kind": "eol",
    "span": Span {
      "end": 42,
      "start": 41,
    },
  },
  {
    "delim": "brace",
    "kind": "open_delim",
    "span": Span {
      "end": 43,
      "start": 42,
    },
  },
  {
    "kind": "eol",
    "span": Span {
      "end": 44,
      "start": 43,
    },
  },
  {
    "delim": "bracket",
    "kind": "open_delim",
    "span": Span {
      "end": 45,
      "start": 44,
    },
  },
  {
    "kind": "eol",
    "span": Span {
      "end": 46,
      "start": 45,
    },
  },
  {
    "delim": "parenthesis",
    "kind": "close_delim",
    "span": Span {
      "end": 47,
      "start": 46,
    },
  },
  {
    "kind": "eol",
    "span": Span {
      "end": 48,
      "start": 47,
    },
  },
  {
    "delim": "brace",
    "kind": "close_delim",
    "span": Span {
      "end": 49,
      "start": 48,
    },
  },
  {
    "kind": "eol",
    "span": Span {
      "end": 50,
      "start": 49,
    },
  },
  {
    "delim": "bracket",
    "kind": "close_delim",
    "span": Span {
      "end": 51,
      "start": 50,
    },
  },
  {
    "kind": "eol",
    "span": Span {
      "end": 52,
      "start": 51,
    },
  },
  {
    "kind": "str",
    "span": Span {
      "end": 60,
      "start": 52,
    },
    "value": "string",
  },
  {
    "kind": "eol",
    "span": Span {
      "end": 61,
      "start": 60,
    },
  },
  {
    "kind": "placeholder",
    "span": Span {
      "end": 74,
      "start": 61,
    },
    "value": "placeholder",
  },
  {
    "kind": "eol",
    "span": Span {
      "end": 75,
      "start": 74,
    },
  },
  {
    "kind": "i64",
    "span": Span {
      "end": 80,
      "start": 75,
    },
    "value": "12345",
  },
  {
    "kind": "eol",
    "span": Span {
      "end": 81,
      "start": 80,
    },
  },
  {
    "kind": "f64",
    "span": Span {
      "end": 87,
      "start": 81,
    },
    "value": "1.2345",
  },
  {
    "kind": "eol",
    "span": Span {
      "end": 88,
      "start": 87,
    },
  },
  {
    "kind": "ident",
    "span": Span {
      "end": 98,
      "start": 88,
    },
    "value": "identifier",
  },
]
`;
