// Vitest Snapshot v1, https://vitest.dev/guide/snapshot.html

exports[`Parser > error invalid stat actions 1`] = `
[
  {
    "level": "error",
    "message": "Expected stat name",
    "span": {
      "hi": 5,
      "lo": 5,
    },
  },
  {
    "level": "error",
    "message": "expected amount",
    "span": {
      "hi": 28,
      "lo": 19,
    },
  },
  {
    "level": "error",
    "message": "Expected operation",
    "span": {
      "hi": 38,
      "lo": 37,
    },
  },
  {
    "level": "error",
    "message": "expected amount",
    "span": {
      "hi": 39,
      "lo": 39,
    },
  },
  {
    "level": "error",
    "message": "Expected stat name",
    "span": {
      "hi": 44,
      "lo": 44,
    },
  },
]
`;

exports[`Parser > error invalid stat names 1`] = `
[
  {
    "level": "error",
    "message": "Stat name exceeds 16-character limit",
    "span": {
      "hi": 23,
      "lo": 5,
    },
  },
  {
    "level": "error",
    "message": "Stat name cannot be empty",
    "span": {
      "hi": 36,
      "lo": 34,
    },
  },
  {
    "level": "error",
    "message": "Stat name cannot contain spaces",
    "span": {
      "hi": 60,
      "lo": 48,
    },
  },
]
`;

exports[`Parser > error nested conditionals 1`] = `
[
  {
    "level": "error",
    "message": "Conditionals cannot be nested",
    "span": {
      "hi": 15,
      "lo": 13,
    },
  },
]
`;

exports[`Parser > error number above integer limit 1`] = `
[
  {
    "level": "error",
    "message": "Number exceeds 64-bit integer limit",
    "span": {
      "hi": 40,
      "lo": 9,
    },
  },
]
`;

exports[`Parser > parse conditionals 1`] = `
[
  {
    "conditions": {
      "span": {
        "hi": 4,
        "lo": 3,
      },
      "value": [],
    },
    "elseActions": undefined,
    "ifActions": {
      "span": {
        "hi": 26,
        "lo": 6,
      },
      "value": [
        {
          "message": {
            "span": {
              "hi": 24,
              "lo": 18,
            },
            "value": "true",
          },
          "type": "MESSAGE",
        },
      ],
    },
    "matchAny": undefined,
    "type": "CONDITIONAL",
  },
  {
    "amount": {
      "span": {
        "hi": 42,
        "lo": 40,
      },
      "value": 10n,
    },
    "op": {
      "span": {
        "hi": 38,
        "lo": 38,
      },
      "value": "set",
    },
    "stat": {
      "span": {
        "hi": 37,
        "lo": 36,
      },
      "value": "x",
    },
    "type": "CHANGE_STAT",
  },
  {
    "conditions": {
      "span": {
        "hi": 64,
        "lo": 53,
      },
      "value": [
        {
          "amount": {
            "span": {
              "hi": 64,
              "lo": 63,
            },
            "value": 5n,
          },
          "op": {
            "span": {
              "hi": 61,
              "lo": 61,
            },
            "value": "greater_than",
          },
          "stat": {
            "span": {
              "hi": 60,
              "lo": 59,
            },
            "value": "x",
          },
          "type": "COMPARE_STAT",
        },
      ],
    },
    "elseActions": {
      "span": {
        "hi": 114,
        "lo": 93,
      },
      "value": [
        {
          "message": {
            "span": {
              "hi": 112,
              "lo": 105,
            },
            "value": "false",
          },
          "type": "MESSAGE",
        },
      ],
    },
    "ifActions": {
      "span": {
        "hi": 86,
        "lo": 66,
      },
      "value": [
        {
          "message": {
            "span": {
              "hi": 84,
              "lo": 78,
            },
            "value": "true",
          },
          "type": "MESSAGE",
        },
      ],
    },
    "matchAny": {
      "span": {
        "hi": 52,
        "lo": 49,
      },
      "value": undefined,
    },
    "type": "CONDITIONAL",
  },
  {
    "conditions": {
      "span": {
        "hi": 133,
        "lo": 122,
      },
      "value": [
        {
          "amount": {
            "span": {
              "hi": 133,
              "lo": 132,
            },
            "value": 5n,
          },
          "op": {
            "span": {
              "hi": 130,
              "lo": 130,
            },
            "value": "less_than",
          },
          "stat": {
            "span": {
              "hi": 129,
              "lo": 128,
            },
            "value": "x",
          },
          "type": "COMPARE_STAT",
        },
      ],
    },
    "elseActions": {
      "span": {
        "hi": 171,
        "lo": 156,
      },
      "value": [
        {
          "message": {
            "span": {
              "hi": 170,
              "lo": 163,
            },
            "value": "false",
          },
          "type": "MESSAGE",
        },
      ],
    },
    "ifActions": {
      "span": {
        "hi": 149,
        "lo": 135,
      },
      "value": [
        {
          "message": {
            "span": {
              "hi": 148,
              "lo": 142,
            },
            "value": "true",
          },
          "type": "MESSAGE",
        },
      ],
    },
    "matchAny": undefined,
    "type": "CONDITIONAL",
  },
]
`;

exports[`Parser > parse global stats 1`] = `
[
  {
    "amount": {
      "span": {
        "hi": 16,
        "lo": 15,
      },
      "value": 5n,
    },
    "op": {
      "span": {
        "hi": 13,
        "lo": 13,
      },
      "value": "set",
    },
    "stat": {
      "span": {
        "hi": 12,
        "lo": 11,
      },
      "value": "x",
    },
    "type": "CHANGE_GLOBAL_STAT",
  },
  {
    "amount": {
      "span": {
        "hi": 45,
        "lo": 33,
      },
      "value": "%stat.global/x%",
    },
    "op": {
      "span": {
        "hi": 31,
        "lo": 31,
      },
      "value": "set",
    },
    "stat": {
      "span": {
        "hi": 30,
        "lo": 29,
      },
      "value": "y",
    },
    "type": "CHANGE_GLOBAL_STAT",
  },
  {
    "amount": {
      "span": {
        "hi": 78,
        "lo": 62,
      },
      "value": "%stat.global/y%",
    },
    "op": {
      "span": {
        "hi": 60,
        "lo": 60,
      },
      "value": "set",
    },
    "stat": {
      "span": {
        "hi": 59,
        "lo": 58,
      },
      "value": "z",
    },
    "type": "CHANGE_GLOBAL_STAT",
  },
]
`;

exports[`Parser > parse player stats 1`] = `
[
  {
    "amount": {
      "span": {
        "hi": 10,
        "lo": 9,
      },
      "value": 5n,
    },
    "op": {
      "span": {
        "hi": 7,
        "lo": 7,
      },
      "value": "set",
    },
    "stat": {
      "span": {
        "hi": 6,
        "lo": 5,
      },
      "value": "x",
    },
    "type": "CHANGE_STAT",
  },
  {
    "amount": {
      "span": {
        "hi": 27,
        "lo": 21,
      },
      "value": "%stat.player/x%",
    },
    "op": {
      "span": {
        "hi": 19,
        "lo": 19,
      },
      "value": "set",
    },
    "stat": {
      "span": {
        "hi": 18,
        "lo": 17,
      },
      "value": "y",
    },
    "type": "CHANGE_STAT",
  },
  {
    "amount": {
      "span": {
        "hi": 54,
        "lo": 38,
      },
      "value": "%stat.player/y%",
    },
    "op": {
      "span": {
        "hi": 36,
        "lo": 36,
      },
      "value": "set",
    },
    "stat": {
      "span": {
        "hi": 35,
        "lo": 34,
      },
      "value": "z",
    },
    "type": "CHANGE_STAT",
  },
]
`;
